// Jest Snapshot v1, https://goo.gl/fbAQLP

exports[`<Mentor /> with no props should match the snapshot 1`] = `"<div><div></div><div class=\\"details\\"><div class=\\"lac\\"><div class=\\"t1\\">COURSE DETAILS</div><button type=\\"button\\" class=\\"buto1 btn btn-primary\\">Add Course</button></div><div class=\\"li1\\"></div><div></div></div></div>"`;
