// Jest Snapshot v1, https://goo.gl/fbAQLP

exports[`<Mentor /> with no props should match the snapshot 1`] = `"<div class=\\"detailscontainer12\\"><div class=\\"details2\\"><div class=\\"lac\\"><div class=\\"t1\\">STUDENT DETAILS</div><div class=\\"t1-holder\\"><img class=\\"upload\\" alt=\\"\\"/><button type=\\"button\\" class=\\"buto1 btn btn-primary\\">Add Student</button></div></div><br/><br/><div class=\\"tbl-cnt\\"><div class=\\"MuiTableContainer-root tcont\\"><table class=\\"MuiTable-root main-table\\" aria-label=\\"customized table\\"><thead class=\\"MuiTableHead-root t-head\\"><tr class=\\"MuiTableRow-root MuiTableRow-head\\"><th class=\\"MuiTableCell-root MuiTableCell-head MuiTableCell-alignCenter\\" scope=\\"col\\" id=\\"th\\">Student ID</th><th class=\\"MuiTableCell-root MuiTableCell-head MuiTableCell-alignCenter\\" scope=\\"col\\" id=\\"th\\">Name</th><th class=\\"MuiTableCell-root MuiTableCell-head MuiTableCell-alignCenter\\" scope=\\"col\\" id=\\"th\\">Email ID</th><th class=\\"MuiTableCell-root MuiTableCell-head MuiTableCell-alignCenter\\" scope=\\"col\\" id=\\"th\\">Mobile No.</th><th class=\\"MuiTableCell-root MuiTableCell-head MuiTableCell-alignCenter\\" scope=\\"col\\" id=\\"th\\">Course</th><th class=\\"MuiTableCell-root MuiTableCell-head MuiTableCell-alignCenter\\" scope=\\"col\\" id=\\"th\\">Mentor</th><th class=\\"MuiTableCell-root MuiTableCell-head MuiTableCell-alignCenter\\" scope=\\"col\\" id=\\"th\\">Score</th><th class=\\"MuiTableCell-root MuiTableCell-head MuiTableCell-alignCenter\\" scope=\\"col\\" id=\\"th\\">Week</th></tr></thead><tbody class=\\"MuiTableBody-root t-body\\"></tbody></table></div></div></div></div>"`;

exports[`<Student /> with no props should match the snapshot 1`] = `"<div class=\\"detailscontainer12\\"><div class=\\"details2\\"><div class=\\"lac\\"><div class=\\"t1\\">STUDENT DETAILS</div><div class=\\"t1-holder\\"><img class=\\"upload\\" alt=\\"\\"/><button type=\\"button\\" class=\\"buto1 btn btn-primary\\">Add Student</button></div></div><br/><br/><div class=\\"tbl-cnt\\"><div class=\\"MuiTableContainer-root tcont\\"><table class=\\"MuiTable-root main-table\\" aria-label=\\"customized table\\"><thead class=\\"MuiTableHead-root t-head\\"><tr class=\\"MuiTableRow-root MuiTableRow-head\\"><th class=\\"MuiTableCell-root MuiTableCell-head MuiTableCell-alignCenter\\" scope=\\"col\\" id=\\"th\\">Student ID</th><th class=\\"MuiTableCell-root MuiTableCell-head MuiTableCell-alignCenter\\" scope=\\"col\\" id=\\"th\\">Name</th><th class=\\"MuiTableCell-root MuiTableCell-head MuiTableCell-alignCenter\\" scope=\\"col\\" id=\\"th\\">Email ID</th><th class=\\"MuiTableCell-root MuiTableCell-head MuiTableCell-alignCenter\\" scope=\\"col\\" id=\\"th\\">Mobile No.</th><th class=\\"MuiTableCell-root MuiTableCell-head MuiTableCell-alignCenter\\" scope=\\"col\\" id=\\"th\\">Course</th><th class=\\"MuiTableCell-root MuiTableCell-head MuiTableCell-alignCenter\\" scope=\\"col\\" id=\\"th\\">Mentor</th><th class=\\"MuiTableCell-root MuiTableCell-head MuiTableCell-alignCenter\\" scope=\\"col\\" id=\\"th\\">Score</th><th class=\\"MuiTableCell-root MuiTableCell-head MuiTableCell-alignCenter\\" scope=\\"col\\" id=\\"th\\">Week</th></tr></thead><tbody class=\\"MuiTableBody-root t-body\\"></tbody></table></div></div></div></div>"`;
